<html>
<body>
<pre>
<h1>µVision Build Log</h1>
<h2>Tool Versions:</h2>
IDE-Version: µVision V5.37.0.0
Copyright (C) 2022 ARM Ltd and ARM Germany GmbH. All rights reserved.
License Information: Keith Barnes, QDnet Technologies, LIC=6PPLD-87RB9-QR5EL-D3329-T85HB-IVFEL
 
Tool Versions:
Toolchain:       MDK-ARM Cortex-M0/M0+ for ST  Version: 5.37.0.0
Toolchain Path:  C:\Keil_v5\ARM\ARMCLANG\Bin
C Compiler:      ArmClang.exe V6.18
Assembler:       Armasm.exe V6.18
Linker/Locator:  ArmLink.exe V6.18
Library Manager: ArmAr.exe V6.18
Hex Converter:   FromElf.exe V6.18
CPU DLL:         SARMCM3.DLL V5.37.0.0
Dialog DLL:      DARMCM1.DLL V1.19.6.0
Target DLL:      STLink\ST-LINKIII-KEIL_SWO.dll V3.0.9.0
Dialog DLL:      TARMCM1.DLL V1.14.6.0
 
<h2>Project:</h2>
D:\final code\Golf_Hardware caddy modified timezone\buggy with relay change and ntrip\Ntrip_Rover\MDK-ARM\vts_dubai.uvprojx
Project File Date:  06/19/2025

<h2>Output:</h2>
*** Using Compiler 'V6.18', folder: 'C:\Keil_v5\ARM\ARMCLANG\Bin'
Rebuild target 'vts_dubai'
assembling startup_stm32g0b1xx.s...
compiling iwdg.c...
compiling main.c...
compiling stm32g0xx_it.c...
compiling stm32g0xx_hal_msp.c...
compiling stm32g0xx_hal_adc_ex.c...
compiling stm32g0xx_hal_adc.c...
compiling stm32g0xx_ll_adc.c...
compiling stm32g0xx_ll_rcc.c...
compiling stm32g0xx_hal_rcc.c...
compiling stm32g0xx_hal_rcc_ex.c...
compiling stm32g0xx_hal_flash.c...
compiling stm32g0xx_hal_flash_ex.c...
compiling stm32g0xx_hal_gpio.c...
compiling stm32g0xx_hal_dma.c...
compiling stm32g0xx_hal_dma_ex.c...
compiling stm32g0xx_ll_dma.c...
compiling stm32g0xx_hal_pwr.c...
compiling stm32g0xx_hal_pwr_ex.c...
compiling stm32g0xx_hal_cortex.c...
compiling stm32g0xx_hal.c...
compiling stm32g0xx_hal_iwdg.c...
compiling stm32g0xx_hal_exti.c...
compiling stm32g0xx_hal_spi.c...
compiling stm32g0xx_hal_spi_ex.c...
compiling stm32g0xx_hal_tim_ex.c...
compiling stm32g0xx_hal_uart_ex.c...
compiling stm32g0xx_hal_uart.c...
compiling stm32g0xx_hal_tim.c...
compiling stm32g0xx_hal_rtc.c...
compiling stm32g0xx_hal_rtc_ex.c...
compiling system_stm32g0xx.c...
compiling debug_log_port.c...
compiling debug_log.c...
compiling fota_api.c...
compiling ftp_url_decode.c...
compiling gsm_api.c...
compiling gsm_at_handler.c...
compiling gsm_common.c...
../gsm/Src/gsm_ftp_api.c(219): warning: 60 enumeration values not handled in switch: 'NO_RESPONSE', 'RESP_CMS_ERROR', 'RESP_NO_CARRIER'... [-Wswitch]
    switch(gsmResp)
           ^~~~~~~
1 warning generated.
compiling gsm_ftp_api.c...
compiling gsm_gprs_api.c...
compiling gsm_init_cmd.c...
../gsm/Src/gsm_idle_task.c(556): warning: 68 enumeration values not handled in switch: 'NO_RESPONSE', 'RESP_CMS_ERROR', 'RESP_NO_CARRIER'... [-Wswitch]
    switch(gsmResp)
           ^~~~~~~
../gsm/Src/gsm_idle_task.c(588): warning: 68 enumeration values not handled in switch: 'NO_RESPONSE', 'RESP_CME_ERROR', 'RESP_NO_CARRIER'... [-Wswitch]
    switch(gsmResp)
           ^~~~~~~
../gsm/Src/gsm_idle_task.c(668): warning: 68 enumeration values not handled in switch: 'NO_RESPONSE', 'RESP_CMS_ERROR', 'RESP_NO_CARRIER'... [-Wswitch]
    switch(gsmResp)
           ^~~~~~~
3 warnings generated.
compiling gsm_idle_task.c...
compiling gsm_port.c...
compiling gsm_process_resp.c...
compiling gsm_reset_power.c...
compiling gsm_sim_api.c...
compiling gsm_ssl_config.c...
compiling gsm_socket_api.c...
compiling gsm_sms.c...
../gsm/Src/gsm_statemachine.c(338): warning: 68 enumeration values not handled in switch: 'NO_RESPONSE', 'RESP_CMS_ERROR', 'RESP_NO_CARRIER'... [-Wswitch]
    switch(gsmResp)
           ^~~~~~~
../gsm/Src/gsm_statemachine.c(456): warning: 67 enumeration values not handled in switch: 'NO_RESPONSE', 'RESP_NO_CARRIER', 'RESP_BUSY'... [-Wswitch]
    switch(gsmResp)
           ^~~~~~~
2 warnings generated.
compiling gsm_statemachine.c...
compiling gsm_urc_api.c...
compiling gsm_utility.c...
../gsm/Src/gsm_ufs.c(29): warning: 65 enumeration values not handled in switch: 'NO_RESPONSE', 'RESP_CMS_ERROR', 'RESP_NO_CARRIER'... [-Wswitch]
    switch(gsmResp)
           ^~~~~~~
1 warning generated.
compiling gsm_ufs.c...
compiling mem_packet_api.c...
compiling mem_config_api.c...
compiling memorydriver.c...
compiling memoryport.c...
compiling qmath.c...
compiling bat_api.c...
compiling bat_port.c...
compiling rtc_port.c...
compiling gps_api.c...
compiling mbcrc.c...
compiling gps_port.c...
compiling packet_api.c...
compiling dig_ip_handler.c...
compiling digio_port.c...
compiling digio_api.c...
compiling ring_buffer.c...
compiling qboot_port.c...
compiling qboot.c...
compiling qtimespent.c...
compiling led_api.c...
compiling lib_api.c...
compiling led_port.c...
compiling ais_app.c...
compiling crc16.c...
compiling crc24q.c...
compiling buzzer_app.c...
compiling rfid_data_handler.c...
compiling serial_rfid_port.c...
compiling serial_rfid_api.c...
linking...
Program Size: Code=86148 RO-data=10588 RW-data=1088 ZI-data=42152  
FromELF: creating hex file...
".\vts_dubai\vts_dubai_v300.axf" - 0 Error(s), 7 Warning(s).

<h2>Software Packages used:</h2>

Package Vendor: ARM
                http://www.keil.com/pack/ARM.CMSIS.5.9.0.pack
                ARM.CMSIS.5.9.0
                CMSIS (Common Microcontroller Software Interface Standard)
   * Component: CORE Version: 5.6.0

Package Vendor: Keil
                http://www.keil.com/pack/Keil.STM32G0xx_DFP.1.4.0.pack
                Keil.STM32G0xx_DFP.1.4.0
                STMicroelectronics STM32G0 Series Device Support

<h2>Collection of Component include folders:</h2>
  ./RTE/_vts_dubai
  C:/Users/Admin/AppData/Local/Arm/Packs/ARM/CMSIS/5.9.0/CMSIS/Core/Include
  C:/Users/Admin/AppData/Local/Arm/Packs/Keil/STM32G0xx_DFP/1.4.0/Drivers/CMSIS/Device/ST/STM32G0xx/Include

<h2>Collection of Component Files used:</h2>

   * Component: ARM::CMSIS:CORE:5.6.0
Build Time Elapsed:  00:00:16
</pre>
</body>
</html>
